
> one-man-army-office@0.0.0 build
> vite build

[36mvite v8.0.14 [32mbuilding client environment for production...[36m[39m
[2K
transforming...鉁?2908 modules transformed.
node.exe : [31m鉁?[39m Build failed in 564ms
所在位置 行:1 字符: 1
+ & "C:\Program Files\nodejs/node.exe" "C:\Program Files\nodejs/node_mo ...
+ ~~~~~~~~~~~~~~~~~~~~~~~~~~~~~~~~~~~~~~~~~~~~~~~~~~~~~~~~~~~~~~~~~~~~~
    + CategoryInfo          : NotSpecified: ([31m鉁?[39m Build failed in 564ms:String) [], RemoteException
    + FullyQualifiedErrorId : NativeCommandError
 
[31merror during build:
[31mBuild failed with 1 error:

[31m[builtin:vite-transform] [0mUnterminated string
    [38;5;246m鈺?[0m[38;5;246m鈹€[0m[38;5;246m[[0m src/pages/SocialMedia.tsx:99:61 [38;5;246m][0m
    [38;5;246m鈹?[0m
 [38;5;246m99 鈹?[0m [38;5;249m [0m[38;5;249m [0m[38;5;249m [0m[38;5;249m [0m[38;5;249m [0m[38;5;249m [0m[
38;5;249m{[0m[38;5;249m [0m[38;5;249mn[0m[38;5;249ma[0m[38;5;249mm[0m[38;5;249me[0m[38;5;249m:[0m[38;5;24
9m [0m[38;5;249m'[0m[38;5;249m鐑?[0m[38;5;249m鐐?[0m[38;5;249m璇?[0m[38;5;249m棰?[0m[38;5;249m'[0m[38;5;249m,[0m
[38;5;249m [0m[38;5;249md[0m[38;5;249me[0m[38;5;249ms[0m[38;5;249mc[0m[38;5;249m:[0m[38;5;249m [0m[38;5;
249m'[0m[38;5;249m韫?[0m[38;5;249m鐑?[0m[38;5;249m鐐?[0m[38;5;249m锛?[0m[38;5;249m鍚?[0m[38;5;249m寮?[0m[38;5;249m娴?[
0m[38;5;249m閲?[0m[38;5;249m'[0m[38;5;249m,[0m[38;5;249m [0m[38;5;249mt[0m[38;5;249mi[0m[38;5;249mt[0m[38;
5;249ml[0m[38;5;249me[0m[38;5;249m:[0m[38;5;249m [0m[38;5;249m'[0m[38;5;249m'[0m[38;5;249m,[0m[38;5;249m 
[0m[38;5;249mc[0m[38;5;249mo[0m[38;5;249mn[0m[38;5;249mt[0m[38;5;249me[0m[38;5;249mn[0m[38;5;249mt[0m[3
8;5;249m:[0m[38;5;249m [0m'#璇濋鍚嶇О# 缁堜簬绛夊埌浣狅紒${1:鐩稿叧鍐呭} 鐪熺殑澶浜唦
 [38;5;240m   鈹?[0m                                                                         鈹€鈹€鈹€鈹€鈹€鈹€鈹€鈹€鈹€鈹€鈹€鈹€鈹€
鈹€鈹€鈹€鈹€鈹€鈹€鈹€鈹€鈹€鈹€鈹€鈹€鈹攢鈹€鈹€鈹€鈹€鈹€鈹€鈹€鈹€鈹€鈹€鈹€鈹€鈹€鈹€鈹€鈹€鈹€鈹€鈹€鈹€鈹€鈹€鈹€  
 [38;5;240m   鈹?[0m                                                                                                  鈺
扳攢鈹€鈹€鈹€鈹€鈹€鈹€鈹€鈹€鈹€鈹€鈹€鈹€鈹€鈹€鈹€鈹€鈹€鈹€鈹€鈹€鈹€鈹€鈹€鈹€鈹€ 
[38;5;246m鈹€鈹€鈹€鈹€鈺?[0m
[31m
    at aggregateBindingErrorsIntoJsError (file:///D:/%E4%BB%A3%E7%A0%81/one-man-army-office/node_modules/rolldown/dist/
shared/error-B8po7KiL.mjs:48:18)
    at unwrapBindingResult (file:///D:/%E4%BB%A3%E7%A0%81/one-man-army-office/node_modules/rolldown/dist/shared/error-B
8po7KiL.mjs:18:128)
    at #build (file:///D:/%E4%BB%A3%E7%A0%81/one-man-army-office/node_modules/rolldown/dist/shared/rolldown-build-9Mcca
WPU.mjs:3236:34)
    at async buildEnvironment (file:///D:/%E4%BB%A3%E7%A0%81/one-man-army-office/node_modules/vite/dist/node/chunks/nod
e.js:33137:64)
    at async Object.build (file:///D:/%E4%BB%A3%E7%A0%81/one-man-army-office/node_modules/vite/dist/node/chunks/node.js
:33559:19)
    at async Object.buildApp (file:///D:/%E4%BB%A3%E7%A0%81/one-man-army-office/node_modules/vite/dist/node/chunks/node
.js:33556:153)
    at async CAC.<anonymous> (file:///D:/%E4%BB%A3%E7%A0%81/one-man-army-office/node_modules/vite/dist/node/cli.js:777:
3) {
  errors: [Getter/Setter]
}[39m
